[2026-05-23T16:39:15.200Z] req.query: {"page":"1","page_size":"12","sort_by":"created_at","sort_order":"desc"} | filter: {"is_active":true}
[2026-05-23T16:39:15.263Z] req.query: {"page":"1","page_size":"12","sort_by":"created_at","sort_order":"desc"} | filter: {"is_active":true}
[2026-05-23T16:40:15.989Z] req.query: {"page":"1","page_size":"12","sort_by":"created_at","sort_order":"desc","category":"sarees"} | filter: {"is_active":true,"category_id":2}
[2026-05-23T16:40:16.081Z] req.query: {"page":"1","page_size":"12","sort_by":"created_at","sort_order":"desc","category":"sarees"} | filter: {"is_active":true,"category_id":2}
[2026-05-23T16:40:20.001Z] req.query: {"page":"1","page_size":"12","sort_by":"created_at","sort_order":"desc","category":"jewellery"} | filter: {"is_active":true,"category_id":1}
[2026-05-23T16:43:22.893Z] req.query: {"page":"1","page_size":"12","sort_by":"created_at","sort_order":"desc","category":"bridal"} | filter: {"is_active":true,"category_id":3}
[2026-05-23T16:43:22.929Z] req.query: {"page":"1","page_size":"12","sort_by":"created_at","sort_order":"desc","category":"bridal"} | filter: {"is_active":true,"category_id":3}
[2026-05-23T16:43:24.405Z] req.query: {"page":"1","page_size":"12","sort_by":"created_at","sort_order":"desc","category":"jewellery"} | filter: {"is_active":true,"category_id":1}
[2026-05-23T16:43:27.384Z] req.query: {"page":"1","page_size":"12","sort_by":"created_at","sort_order":"desc"} | filter: {"is_active":true}
[2026-05-23T16:46:50.953Z] req.query: {"page":"1","page_size":"12","sort_by":"created_at","sort_order":"desc"} | filter: {"is_active":true}
[2026-05-23T16:46:51.065Z] req.query: {"page":"1","page_size":"12","sort_by":"created_at","sort_order":"desc"} | filter: {"is_active":true}
[2026-05-23T16:46:58.758Z] req.query: {"page":"1","page_size":"12","sort_by":"created_at","sort_order":"desc"} | filter: {"is_active":true}
[2026-05-23T16:46:58.827Z] req.query: {"page":"1","page_size":"12","sort_by":"created_at","sort_order":"desc"} | filter: {"is_active":true}
[2026-05-23T16:47:02.069Z] req.query: {"page":"1","page_size":"12","sort_by":"created_at","sort_order":"desc"} | filter: {"is_active":true}
[2026-05-23T16:47:02.132Z] req.query: {"page":"1","page_size":"12","sort_by":"created_at","sort_order":"desc"} | filter: {"is_active":true}
[2026-05-23T16:49:48.103Z] req.query: {"page":"1","page_size":"12","sort_by":"created_at","sort_order":"desc","category":"jewellery"} | filter: {"is_active":true,"category_id":1}
[2026-05-23T16:49:48.365Z] req.query: {"page":"1","page_size":"12","sort_by":"created_at","sort_order":"desc","category":"jewellery"} | filter: {"is_active":true,"category_id":1}
[2026-05-23T16:50:23.795Z] req.query: {"page":"1","page_size":"12","sort_by":"created_at","sort_order":"desc"} | filter: {"is_active":true}
[2026-05-23T16:50:30.927Z] req.query: {"page":"1","page_size":"12","sort_by":"created_at","sort_order":"desc"} | filter: {"is_active":true}
[2026-05-23T16:50:31.830Z] req.query: {"page":"1","page_size":"12","sort_by":"created_at","sort_order":"desc"} | filter: {"is_active":true}
[2026-05-23T16:50:53.957Z] req.query: {} | filter: {"is_active":true}
[2026-05-23T16:52:44.613Z] req.query: {"page":"1","page_size":"12","sort_by":"created_at","sort_order":"desc","category":"bridal"} | filter: {"is_active":true,"category_id":3}
[2026-05-23T16:52:44.676Z] req.query: {"page":"1","page_size":"12","sort_by":"created_at","sort_order":"desc","category":"bridal"} | filter: {"is_active":true,"category_id":3}
[2026-05-23T16:52:49.025Z] req.query: {"page":"1","page_size":"12","sort_by":"created_at","sort_order":"desc","category":"jewellery"} | filter: {"is_active":true,"category_id":1}
[2026-05-23T16:52:51.524Z] req.query: {"page":"1","page_size":"12","sort_by":"created_at","sort_order":"desc","category":"sarees"} | filter: {"is_active":true,"category_id":2}
[2026-05-23T16:55:21.194Z] req.query: {"page":"1","page_size":"12","sort_by":"created_at","sort_order":"desc","category":"jewellery"} | filter: {"is_active":true,"category_id":1}
[2026-05-23T16:55:21.297Z] req.query: {"page":"1","page_size":"12","sort_by":"created_at","sort_order":"desc","category":"jewellery"} | filter: {"is_active":true,"category_id":1}
[2026-05-23T16:56:11.311Z] req.query: {"page":"1","page_size":"12","sort_by":"created_at","sort_order":"desc","category":"sarees"} | filter: {"is_active":true,"category_id":2}
[2026-05-23T16:56:11.434Z] req.query: {"page":"1","page_size":"12","sort_by":"created_at","sort_order":"desc","category":"sarees"} | filter: {"is_active":true,"category_id":2}
[2026-05-23T16:58:05.147Z] req.query: {"page":"1","page_size":"12","sort_by":"created_at","sort_order":"desc","category":"jewellery"} | filter: {"is_active":true,"category_id":1}
[2026-05-23T16:58:05.176Z] req.query: {"page":"1","page_size":"12","sort_by":"created_at","sort_order":"desc","category":"jewellery"} | filter: {"is_active":true,"category_id":1}
[2026-05-23T16:59:05.479Z] req.query: {"page":"1","page_size":"12","sort_by":"created_at","sort_order":"desc"} | filter: {"is_active":true}
[2026-05-23T16:59:05.506Z] req.query: {"page":"1","page_size":"12","sort_by":"created_at","sort_order":"desc"} | filter: {"is_active":true}
[2026-05-23T17:00:04.223Z] req.query: {"page":"1","page_size":"12","sort_by":"created_at","sort_order":"desc"} | filter: {"is_active":true}
[2026-05-23T17:00:04.251Z] req.query: {"page":"1","page_size":"12","sort_by":"created_at","sort_order":"desc"} | filter: {"is_active":true}
[2026-05-23T17:01:23.288Z] req.query: {"page":"1","page_size":"12","sort_by":"created_at","sort_order":"desc"} | filter: {"is_active":true}
[2026-05-23T17:01:23.312Z] req.query: {"page":"1","page_size":"12","sort_by":"created_at","sort_order":"desc"} | filter: {"is_active":true}
[2026-05-23T17:01:39.660Z] req.query: {"page":"1","page_size":"12","sort_by":"created_at","sort_order":"desc","category":"jewellery"} | filter: {"is_active":true,"category_id":1}
[2026-05-23T17:01:40.937Z] req.query: {"page":"1","page_size":"12","sort_by":"created_at","sort_order":"desc","category":"sarees"} | filter: {"is_active":true,"category_id":2}
[2026-05-23T17:01:42.631Z] req.query: {"page":"1","page_size":"12","sort_by":"created_at","sort_order":"desc","category":"bridal"} | filter: {"is_active":true,"category_id":3}
[2026-05-23T17:01:44.573Z] req.query: {"page":"1","page_size":"12","sort_by":"created_at","sort_order":"desc","is_featured":"true"} | filter: {"is_active":true,"is_featured":true}
[2026-05-23T17:04:30.890Z] req.query: {"page":"1","page_size":"12","sort_by":"created_at","sort_order":"desc"} | filter: {"is_active":true}
[2026-05-23T17:04:30.942Z] req.query: {"page":"1","page_size":"12","sort_by":"created_at","sort_order":"desc"} | filter: {"is_active":true}
[2026-05-23T17:04:39.143Z] req.query: {"page":"2","page_size":"12","sort_by":"created_at","sort_order":"desc"} | filter: {"is_active":true}
[2026-05-23T17:04:40.278Z] req.query: {"page":"3","page_size":"12","sort_by":"created_at","sort_order":"desc"} | filter: {"is_active":true}
[2026-05-23T17:04:44.271Z] req.query: {"page":"1","page_size":"12","sort_by":"created_at","sort_order":"desc","category":"jewellery"} | filter: {"is_active":true,"category_id":1}
[2026-05-23T17:04:52.264Z] req.query: {"page":"1","page_size":"12","sort_by":"created_at","sort_order":"desc","category":"sarees"} | filter: {"is_active":true,"category_id":2}
[2026-05-23T17:04:56.786Z] req.query: {"page":"1","page_size":"12","sort_by":"created_at","sort_order":"desc","category":"bridal"} | filter: {"is_active":true,"category_id":3}
[2026-05-23T17:05:06.344Z] req.query: {"page":"1","page_size":"12","sort_by":"created_at","sort_order":"desc","is_featured":"true"} | filter: {"is_active":true,"is_featured":true}
[2026-05-23T17:05:07.694Z] req.query: {"page":"1","page_size":"12","sort_by":"created_at","sort_order":"desc"} | filter: {"is_active":true}
[2026-05-23T17:05:28.759Z] req.query: {"page":"1","page_size":"12","sort_by":"created_at","sort_order":"desc"} | filter: {"is_active":true}
[2026-05-23T17:05:28.793Z] req.query: {"page":"1","page_size":"12","sort_by":"created_at","sort_order":"desc"} | filter: {"is_active":true}
[2026-05-23T17:13:34.835Z] req.query: {"page":"1","page_size":"12","sort_by":"created_at","sort_order":"desc"} | filter: {"is_active":true}
[2026-05-23T17:13:34.880Z] req.query: {"page":"1","page_size":"12","sort_by":"created_at","sort_order":"desc"} | filter: {"is_active":true}
[2026-05-23T17:13:42.693Z] req.query: {"page":"2","page_size":"12","sort_by":"created_at","sort_order":"desc"} | filter: {"is_active":true}
[2026-05-23T17:13:43.767Z] req.query: {"page":"3","page_size":"12","sort_by":"created_at","sort_order":"desc"} | filter: {"is_active":true}
[2026-05-23T17:13:48.816Z] req.query: {"page":"2","page_size":"12","sort_by":"created_at","sort_order":"desc"} | filter: {"is_active":true}
[2026-05-24T04:48:12.944Z] req.query: {"page":"1","page_size":"12","sort_by":"created_at","sort_order":"desc"} | filter: {"is_active":true}
[2026-05-24T04:48:13.135Z] req.query: {"page":"1","page_size":"12","sort_by":"created_at","sort_order":"desc"} | filter: {"is_active":true}
[2026-05-24T04:48:27.005Z] req.query: {"page":"1","page_size":"12","sort_by":"created_at","sort_order":"desc","category":"jewellery"} | filter: {"is_active":true,"category_id":1}
[2026-05-24T04:48:33.210Z] req.query: {"page":"1","page_size":"12","sort_by":"created_at","sort_order":"desc","category":"sarees"} | filter: {"is_active":true,"category_id":2}
[2026-05-24T04:48:34.778Z] req.query: {"page":"1","page_size":"12","sort_by":"created_at","sort_order":"desc","category":"bridal"} | filter: {"is_active":true,"category_id":3}
[2026-05-24T04:48:36.029Z] req.query: {"page":"1","page_size":"12","sort_by":"created_at","sort_order":"desc"} | filter: {"is_active":true}
[2026-05-24T04:50:28.619Z] req.query: {"page":"1","page_size":"12","sort_by":"created_at","sort_order":"desc"} | filter: {"is_active":true}
[2026-05-24T04:50:28.637Z] req.query: {"page":"1","page_size":"12","sort_by":"created_at","sort_order":"desc"} | filter: {"is_active":true}
[2026-05-24T04:51:29.753Z] req.query: {"page":"2","page_size":"12","sort_by":"created_at","sort_order":"desc"} | filter: {"is_active":true}
[2026-05-24T04:51:31.158Z] req.query: {"page":"3","page_size":"12","sort_by":"created_at","sort_order":"desc"} | filter: {"is_active":true}
[2026-05-24T04:51:33.744Z] req.query: {"page":"1","page_size":"12","sort_by":"created_at","sort_order":"desc","category":"jewellery"} | filter: {"is_active":true,"category_id":1}
[2026-05-24T04:56:49.921Z] req.query: {"page":"1","page_size":"12","sort_by":"created_at","sort_order":"desc","category":"sarees"} | filter: {"is_active":true,"category_id":2}
[2026-05-24T04:57:03.621Z] req.query: {"page":"1","page_size":"12","sort_by":"created_at","sort_order":"desc","category":"sarees"} | filter: {"is_active":true,"category_id":2}
[2026-05-24T04:57:03.655Z] req.query: {"page":"1","page_size":"12","sort_by":"created_at","sort_order":"desc","category":"sarees"} | filter: {"is_active":true,"category_id":2}
[2026-05-24T04:57:26.228Z] req.query: {"page":"1","page_size":"12","sort_by":"created_at","sort_order":"desc","category":"sarees"} | filter: {"is_active":true,"category_id":2}
[2026-05-24T04:57:26.247Z] req.query: {"page":"1","page_size":"12","sort_by":"created_at","sort_order":"desc","category":"sarees"} | filter: {"is_active":true,"category_id":2}
[2026-05-24T04:57:37.640Z] req.query: {"page":"1","page_size":"12","sort_by":"created_at","sort_order":"desc","category":"bridal"} | filter: {"is_active":true,"category_id":3}
[2026-05-24T04:57:37.659Z] req.query: {"page":"1","page_size":"12","sort_by":"created_at","sort_order":"desc","category":"bridal"} | filter: {"is_active":true,"category_id":3}
